<html>
<body>
<pre>
<h1>µVision Build Log</h1>
<h2>Tool Versions:</h2>
IDE-Version: µVision V5.21.1.0
Copyright (C) 2016 ARM Ltd and ARM Germany GmbH. All rights reserved.
License Information: Irfan Syed, Hewlett-Packard, LIC=----
 
Tool Versions:
Toolchain:       MDK-Lite  Version: 5.21a
Toolchain Path:  C:\Keil_v5\ARM\ARMCC\Bin
C Compiler:      Armcc.exe V5.06 update 3 (build 300)
Assembler:       Armasm.exe V5.06 update 3 (build 300)
Linker/Locator:  ArmLink.exe V5.06 update 3 (build 300)
Library Manager: ArmAr.exe V5.06 update 3 (build 300)
Hex Converter:   FromElf.exe V5.06 update 3 (build 300)
CPU DLL:         SARM.DLL V5.21a
Dialog DLL:      DARMP.DLL V1.52.0.0
Target DLL:      UL2ARM.DLL V1.74.9.0
Dialog DLL:      TARMP.DLL V1.52.0.0
 
<h2>Project:</h2>
C:\Users\Irfan\Desktop\I2C_Serial_EEPROM\I2C_Serial_EEPROM.uvproj
Project File Date:  11/04/2016

<h2>Output:</h2>
*** Using Compiler 'V5.06 update 3 (build 300)', folder: 'C:\Keil_v5\ARM\ARMCC\Bin'
Rebuild target 'LPC2100'
assembling Startup.s...
compiling Retarget.c...
compiling main.c...
main.c(14): warning:  #1295-D: Deprecated declaration main2 - give arg types
  unsigned int main2();
main.c(106): warning:  #1-D: last line of file ends without a newline
  }
main.c: 2 warnings, 0 errors
compiling lcd.c...
compiling extn_int.c...
extn_int.c(23): warning:  #1295-D: Deprecated declaration main2 - give arg types
  extern uint8 main2();
extn_int.c: 1 warning, 0 errors
compiling i2c.c...
linking...
Program Size: Code=6692 RO-data=32 RW-data=8 ZI-data=1160  
FromELF: creating hex file...
After Build - User command #1: fromelf --bin ./Obj/I2C_Serial_EEPROM.axf -o ./Obj/I2C_Serial_EEPROM.bin
".\Obj\I2C_Serial_EEPROM.axf" - 0 Error(s), 3 Warning(s).
Build Time Elapsed:  00:00:01
</pre>
</body>
</html>
